// Jest Snapshot v1, https://goo.gl/fbAQLP

exports[`should take a snapshot 1`] = `
<DocumentFragment>
  <div
    class="search-box"
  >
    <input
      placeholder="placeholder"
      type="text"
      value=""
    />
  </div>
</DocumentFragment>
`;
